[1/4] Building eval pools (GMTKN55 BH76-RC + W4-11 atomization) ...
      29 species; 6 BH76 reactions, 10 W4-11 atomizations
[2/4] Precomputing PBE SCF + grids (once per species) ...
  [precompute 1/29] HO ...
  [precompute 2/29] H2 ...
  [precompute 3/29] H2O ...
  [precompute 4/29] H ...
  [precompute 5/29] HCl ...
  [precompute 6/29] Cl ...
  [precompute 7/29] CH3 ...
  [precompute 8/29] CH4 ...
  [precompute 9/29] H3N ...
  [precompute 10/29] H2N ...
  [precompute 11/29] N2O ...
  [precompute 12/29] N2 ...
  [precompute 13/29] H2S ...
  [precompute 14/29] HS ...
  [precompute 15/29] h2 ...
  [precompute 16/29] h ...
  [precompute 17/29] ch4 ...
  [precompute 18/29] c ...
  [precompute 19/29] nh3 ...
  [precompute 20/29] n ...
  [precompute 21/29] c2h4 ...
  [precompute 22/29] h2o ...
  [precompute 23/29] o ...
  [precompute 24/29] hf ...
  [precompute 25/29] f ...
  [precompute 26/29] c2h2 ...
  [precompute 27/29] co ...
  [precompute 28/29] co2 ...
  [precompute 29/29] n2 ...
[3/4] Generating pretrain data ...
[4/4] Random (16 seeds) + pretrained per level ...
      unconstrained    bh76[r~14.7] pbe_dev[r~436 max905] w411[r~42.7]
      +LO(x)           bh76[r~14.2] pbe_dev[r~391 max612] w411[r~41.9]
      +LO+UEG(x)       bh76[r~14.2] pbe_dev[r~384 max495] w411[r~41.9]
      +LO+UEG+NNc(c)   bh76[r~14.1] pbe_dev[r~383 max491] w411[r~41.9]

==============================================================================
BH76 reaction-energy MAE vs GMTKN55-BH76RC (kcal/mol)  (lower is better)
==============================================================================
level               random mean   random max  random std   pretrained
------------------------------------------------------------------------------
PBE baseline               8.08                                 (n/a)
unconstrained             14.72        23.79        5.78        (n/a)
+LO(x)                    14.17        18.36        2.68         9.46
+LO+UEG(x)                14.15        18.20        2.55         8.94
+LO+UEG+NNc(c)            14.12        17.96        2.48         7.19
==============================================================================

==============================================================================
per-species |E_nn - E_pbe| MAE (kcal/mol; deviation from PBE)  (lower is better)
==============================================================================
level               random mean   random max  random std   pretrained
------------------------------------------------------------------------------
unconstrained            436.44       905.03      286.83        (n/a)
+LO(x)                   391.48       611.95      143.56        55.98
+LO+UEG(x)               383.52       494.73       71.24        64.72
+LO+UEG+NNc(c)           382.96       490.74       70.20        20.49
==============================================================================

==============================================================================
atomization-energy MAE vs GMTKN55 W4-11 (kcal/mol)  (lower is better)
==============================================================================
level               random mean   random max  random std   pretrained
------------------------------------------------------------------------------
PBE baseline              10.45                                 (n/a)
unconstrained             42.70        62.38       12.31        (n/a)
+LO(x)                    41.89        50.69        5.48        12.94
+LO+UEG(x)                41.89        50.80        5.55        12.32
+LO+UEG+NNc(c)            41.87        50.89        5.56        10.20
==============================================================================

Done in 3732.1s. Plot -> /home/awills/Documents/Research/xcquinox/notebooks/analysis/constraint_pretrain_gmtkn55_demo_pretrain1000step_polc.png
