[1/4] Building eval pools (GMTKN55 BH76-RC + W4-11 atomization) ...
      29 species; 6 BH76 reactions, 10 W4-11 atomizations
[2/4] Precomputing PBE SCF + grids (once per species) ...
  [precompute 1/29] HO ...
  [precompute 2/29] H2 ...
  [precompute 3/29] H2O ...
  [precompute 4/29] H ...
  [precompute 5/29] HCl ...
  [precompute 6/29] Cl ...
  [precompute 7/29] CH3 ...
  [precompute 8/29] CH4 ...
  [precompute 9/29] H3N ...
  [precompute 10/29] H2N ...
  [precompute 11/29] N2O ...
  [precompute 12/29] N2 ...
  [precompute 13/29] H2S ...
  [precompute 14/29] HS ...
  [precompute 15/29] h2 ...
  [precompute 16/29] h ...
  [precompute 17/29] ch4 ...
  [precompute 18/29] c ...
  [precompute 19/29] nh3 ...
  [precompute 20/29] n ...
  [precompute 21/29] c2h4 ...
  [precompute 22/29] h2o ...
  [precompute 23/29] o ...
  [precompute 24/29] hf ...
  [precompute 25/29] f ...
  [precompute 26/29] c2h2 ...
  [precompute 27/29] co ...
  [precompute 28/29] co2 ...
  [precompute 29/29] n2 ...
[3/4] Generating pretrain data ...
[4/4] Random (16 seeds) + pretrained per level ...
      unconstrained    bh76[r~21.4] pbe_dev[r~435 max910] w411[r~20.7]
      +LO(x)           bh76[r~20.9] pbe_dev[r~389 max613] w411[r~17.8]
      +LO+UEG(x)       bh76[r~20.9] pbe_dev[r~381 max495] w411[r~17.9]
      +LO+UEG+NNc(c)   bh76[r~20.9] pbe_dev[r~380 max490] w411[r~17.9]

==============================================================================
BH76 reaction-energy MAE vs GMTKN55-BH76RC (kcal/mol)  (lower is better)
==============================================================================
level               random mean   random max  random std   pretrained
------------------------------------------------------------------------------
PBE baseline               8.08                                 (n/a)
unconstrained             21.37        30.79        5.84        (n/a)
+LO(x)                    20.94        25.18        2.63        11.09
+LO+UEG(x)                20.93        24.95        2.50        10.21
+LO+UEG+NNc(c)            20.90        24.91        2.47         8.21
==============================================================================

==============================================================================
per-species |E_nn - E_pbe| MAE (kcal/mol; deviation from PBE)  (lower is better)
==============================================================================
level               random mean   random max  random std   pretrained
------------------------------------------------------------------------------
unconstrained            434.85       910.10      287.83        (n/a)
+LO(x)                   389.11       612.92      143.91        13.31
+LO+UEG(x)               381.07       495.26       71.73       142.24
+LO+UEG+NNc(c)           380.28       490.21       70.46       104.22
==============================================================================

==============================================================================
atomization-energy MAE vs GMTKN55 W4-11 (kcal/mol)  (lower is better)
==============================================================================
level               random mean   random max  random std   pretrained
------------------------------------------------------------------------------
PBE baseline              10.45                                 (n/a)
unconstrained             20.71        29.98        4.54        (n/a)
+LO(x)                    17.83        20.56        1.35        19.44
+LO+UEG(x)                17.87        20.73        1.41        20.23
+LO+UEG+NNc(c)            17.85        20.66        1.29        30.12
==============================================================================

Done in 729.7s. Plot -> /home/awills/Documents/Research/xcquinox/notebooks/analysis/constraint_pretrain_gmtkn55_demo.png
